// Jest Snapshot v1, https://goo.gl/fbAQLP

exports[`<MainView> Simple render 1`] = `
<button
  className="py-2 px-4 rounded bg-blue-500 hover:bg-blue-700 text-white"
  disabled={false}
  onClick={[Function]}
  type="submit"
>
  Authorize
</button>
`;
