// Jest Snapshot v1, https://goo.gl/fbAQLP

exports[`<MainMenu> Render 1`] = `
<div
  data-mock="Navbar"
>
  {
  "className": "mb-3"
}
</div>
`;
